
Merging program properties

Removed property 0xc0000002 to merge build/main.o (0x3) and build/kernel.o (not found)
Removed property 0xc0000002 to merge build/main.o (not found) and build/debug.o (0x3)
Removed property 0xc0000002 to merge build/main.o (not found) and build/string.o (0x3)
Removed property 0xc0000002 to merge build/main.o (not found) and build/memory.o (0x3)
Removed property 0xc0000002 to merge build/main.o (not found) and build/bitmap.o (0x3)

Allocating common symbols
Common symbol       size              file

user_pool           0x10              build/memory.o
intr_name           0x84              build/interrupt.o
kernel_vaddr        0xc               build/memory.o
idt_table           0x84              build/interrupt.o
kernel_pool         0x10              build/memory.o

Discarded input sections

 .group         0x0000000000000000        0x8 build/main.o
 .note.GNU-stack
                0x0000000000000000        0x0 build/main.o
 .note.gnu.property
                0x0000000000000000       0x1c build/main.o
 .group         0x0000000000000000        0x8 build/init.o
 .text.__x86.get_pc_thunk.bx
                0x0000000000000000        0x4 build/init.o
 .note.GNU-stack
                0x0000000000000000        0x0 build/init.o
 .note.gnu.property
                0x0000000000000000       0x1c build/init.o
 .group         0x0000000000000000        0x8 build/interrupt.o
 .group         0x0000000000000000        0x8 build/interrupt.o
 .text.__x86.get_pc_thunk.bx
                0x0000000000000000        0x4 build/interrupt.o
 .note.GNU-stack
                0x0000000000000000        0x0 build/interrupt.o
 .note.gnu.property
                0x0000000000000000       0x1c build/interrupt.o
 .group         0x0000000000000000        0x8 build/timer.o
 .group         0x0000000000000000        0x8 build/timer.o
 .text.__x86.get_pc_thunk.ax
                0x0000000000000000        0x4 build/timer.o
 .text.__x86.get_pc_thunk.bx
                0x0000000000000000        0x4 build/timer.o
 .note.GNU-stack
                0x0000000000000000        0x0 build/timer.o
 .note.gnu.property
                0x0000000000000000       0x1c build/timer.o
 .group         0x0000000000000000        0x8 build/debug.o
 .text.__x86.get_pc_thunk.bx
                0x0000000000000000        0x4 build/debug.o
 .note.GNU-stack
                0x0000000000000000        0x0 build/debug.o
 .note.gnu.property
                0x0000000000000000       0x1c build/debug.o
 .group         0x0000000000000000        0x8 build/string.o
 .group         0x0000000000000000        0x8 build/string.o
 .text.__x86.get_pc_thunk.ax
                0x0000000000000000        0x4 build/string.o
 .text.__x86.get_pc_thunk.bx
                0x0000000000000000        0x4 build/string.o
 .note.GNU-stack
                0x0000000000000000        0x0 build/string.o
 .note.gnu.property
                0x0000000000000000       0x1c build/string.o
 .group         0x0000000000000000        0x8 build/memory.o
 .text.__x86.get_pc_thunk.bx
                0x0000000000000000        0x4 build/memory.o
 .note.GNU-stack
                0x0000000000000000        0x0 build/memory.o
 .note.gnu.property
                0x0000000000000000       0x1c build/memory.o
 .group         0x0000000000000000        0x8 build/bitmap.o
 .text.__x86.get_pc_thunk.ax
                0x0000000000000000        0x4 build/bitmap.o
 .note.GNU-stack
                0x0000000000000000        0x0 build/bitmap.o
 .note.gnu.property
                0x0000000000000000       0x1c build/bitmap.o

Memory Configuration

Name             Origin             Length             Attributes
*default*        0x0000000000000000 0xffffffffffffffff

Linker script and memory map

Address of section .text set to 0xc0001500
LOAD build/main.o
LOAD build/init.o
LOAD build/interrupt.o
LOAD build/timer.o
LOAD build/kernel.o
LOAD build/print.o
LOAD build/debug.o
LOAD build/string.o
LOAD build/memory.o
LOAD build/bitmap.o
                [!provide]                        PROVIDE (__executable_start = SEGMENT_START ("text-segment", 0x8048000))
                0x00000000080480d4                . = (SEGMENT_START ("text-segment", 0x8048000) + SIZEOF_HEADERS)

.interp
 *(.interp)

.note.gnu.build-id
 *(.note.gnu.build-id)

.hash
 *(.hash)

.gnu.hash
 *(.gnu.hash)

.dynsym
 *(.dynsym)

.dynstr
 *(.dynstr)

.gnu.version
 *(.gnu.version)

.gnu.version_d
 *(.gnu.version_d)

.gnu.version_r
 *(.gnu.version_r)

.rel.dyn        0x00000000080480d4        0x0
 *(.rel.init)
 *(.rel.text .rel.text.* .rel.gnu.linkonce.t.*)
 .rel.text      0x00000000080480d4        0x0 build/main.o
 *(.rel.fini)
 *(.rel.rodata .rel.rodata.* .rel.gnu.linkonce.r.*)
 *(.rel.data.rel.ro .rel.data.rel.ro.* .rel.gnu.linkonce.d.rel.ro.*)
 *(.rel.data .rel.data.* .rel.gnu.linkonce.d.*)
 *(.rel.tdata .rel.tdata.* .rel.gnu.linkonce.td.*)
 *(.rel.tbss .rel.tbss.* .rel.gnu.linkonce.tb.*)
 *(.rel.ctors)
 *(.rel.dtors)
 *(.rel.got)
 .rel.got       0x00000000080480d4        0x0 build/main.o
 *(.rel.bss .rel.bss.* .rel.gnu.linkonce.b.*)
 *(.rel.ifunc)

.rel.plt        0x00000000080480d4        0x0
 *(.rel.plt)
                [!provide]                        PROVIDE (__rel_iplt_start = .)
 *(.rel.iplt)
 .rel.iplt      0x00000000080480d4        0x0 build/main.o
                [!provide]                        PROVIDE (__rel_iplt_end = .)
                0x0000000008049000                . = ALIGN (CONSTANT (MAXPAGESIZE))

.init
 *(SORT_NONE(.init))

.plt            0x0000000008049000        0x0
 *(.plt)
 *(.iplt)
 .iplt          0x0000000008049000        0x0 build/main.o

.plt.got
 *(.plt.got)

.plt.sec
 *(.plt.sec)

.text           0x00000000c0001500     0x1659
 *(.text.unlikely .text.*_unlikely .text.unlikely.*)
 *(.text.exit .text.exit.*)
 *(.text.startup .text.startup.*)
 *(.text.hot .text.hot.*)
 *(SORT_BY_NAME(.text.sorted.*))
 *(.text .stub .text.* .gnu.linkonce.t.*)
 .text          0x00000000c0001500       0x37 build/main.o
                0x00000000c0001500                main
 .text.__x86.get_pc_thunk.bx
                0x00000000c0001537        0x4 build/main.o
                0x00000000c0001537                __x86.get_pc_thunk.bx
 .text          0x00000000c000153b       0x42 build/init.o
                0x00000000c000153b                init_all
 .text          0x00000000c000157d      0x498 build/interrupt.o
                0x00000000c00018e4                intr_enable
                0x00000000c000191b                intr_disable
                0x00000000c0001952                intr_set_status
                0x00000000c000197e                intr_get_status
                0x00000000c00019a9                idt_init
 .text.__x86.get_pc_thunk.ax
                0x00000000c0001a15        0x4 build/interrupt.o
                0x00000000c0001a15                __x86.get_pc_thunk.ax
 .text          0x00000000c0001a19      0x11c build/timer.o
                0x00000000c0001add                timer_init
 *fill*         0x00000000c0001b35        0xb 
 .text          0x00000000c0001b40      0x393 build/kernel.o
                0x00000000c0001b40                intr_exit
 *fill*         0x00000000c0001ed3        0xd 
 .text          0x00000000c0001ee0      0x14e build/print.o
                0x00000000c0001ee0                put_int
                0x00000000c0001f43                put_str
                0x00000000c0001f61                put_char
 .text          0x00000000c000202e       0xf8 build/debug.o
                0x00000000c000202e                painc_spin
 .text          0x00000000c0002126      0x4f5 build/string.o
                0x00000000c0002126                memset
                0x00000000c00021b6                memcpy
                0x00000000c0002231                memcmp
                0x00000000c00022ce                strcpy
                0x00000000c000233d                strlen
                0x00000000c000239e                strcmp
                0x00000000c0002431                strchr
                0x00000000c00024a3                strrchr
                0x00000000c000251b                strcat
                0x00000000c000259f                strchrs
 .text          0x00000000c000261b      0x2a1 build/memory.o
                0x00000000c0002864                mem_init
 .text          0x00000000c00028bc      0x29d build/bitmap.o
                0x00000000c00028bc                bitmap_init
                0x00000000c00028f3                bitmap_scan_test
                0x00000000c0002941                bitmap_scan
                0x00000000c0002a8d                bitmap_set
 *(.gnu.warning)

.fini
 *(SORT_NONE(.fini))
                [!provide]                        PROVIDE (__etext = .)
                [!provide]                        PROVIDE (_etext = .)
                [!provide]                        PROVIDE (etext = .)
                0x00000000c0003000                . = ALIGN (CONSTANT (MAXPAGESIZE))
                0x00000000c0003000                . = SEGMENT_START ("rodata-segment", (ALIGN (CONSTANT (MAXPAGESIZE)) + (. & (CONSTANT (MAXPAGESIZE) - 0x1))))

.rodata         0x00000000c0003000      0x4af
 *(.rodata .rodata.* .gnu.linkonce.r.*)
 .rodata        0x00000000c0003000        0xe build/main.o
 .rodata        0x00000000c000300e        0xa build/init.o
 .rodata        0x00000000c0003018      0x261 build/interrupt.o
 .rodata        0x00000000c0003279       0x23 build/timer.o
 .rodata        0x00000000c000329c       0x3f build/debug.o
 *fill*         0x00000000c00032db        0x1 
 .rodata        0x00000000c00032dc       0xb4 build/string.o
 .rodata        0x00000000c0003390       0xb2 build/memory.o
 *fill*         0x00000000c0003442        0x2 
 .rodata        0x00000000c0003444       0x6b build/bitmap.o

.rodata1
 *(.rodata1)

.eh_frame_hdr
 *(.eh_frame_hdr)
 *(.eh_frame_entry .eh_frame_entry.*)

.eh_frame       0x00000000c00034b0      0x4d0
 *(.eh_frame)
 .eh_frame      0x00000000c00034b0       0x54 build/main.o
 .eh_frame      0x00000000c0003504       0x24 build/init.o
                                         0x50 (size before relaxing)
 .eh_frame      0x00000000c0003528      0x18c build/interrupt.o
                                        0x1b8 (size before relaxing)
 .eh_frame      0x00000000c00036b4       0x70 build/timer.o
                                         0xb0 (size before relaxing)
 .eh_frame      0x00000000c0003724       0x1c build/debug.o
                                         0x48 (size before relaxing)
 .eh_frame      0x00000000c0003740      0x168 build/string.o
                                        0x1a8 (size before relaxing)
 .eh_frame      0x00000000c00038a8       0x48 build/memory.o
                                         0x74 (size before relaxing)
 .eh_frame      0x00000000c00038f0       0x90 build/bitmap.o
                                         0xbc (size before relaxing)
 *(.eh_frame.*)

.gcc_except_table
 *(.gcc_except_table .gcc_except_table.*)

.gnu_extab
 *(.gnu_extab*)

.exception_ranges
 *(.exception_ranges*)
                0x00000000c0005000                . = DATA_SEGMENT_ALIGN (CONSTANT (MAXPAGESIZE), CONSTANT (COMMONPAGESIZE))

.eh_frame
 *(.eh_frame)
 *(.eh_frame.*)

.gnu_extab
 *(.gnu_extab)

.gcc_except_table
 *(.gcc_except_table .gcc_except_table.*)

.exception_ranges
 *(.exception_ranges*)

.tdata          0x00000000c0005000        0x0
                [!provide]                        PROVIDE (__tdata_start = .)
 *(.tdata .tdata.* .gnu.linkonce.td.*)

.tbss
 *(.tbss .tbss.* .gnu.linkonce.tb.*)
 *(.tcommon)

.preinit_array  0x00000000c0005000        0x0
                [!provide]                        PROVIDE (__preinit_array_start = .)
 *(.preinit_array)
                [!provide]                        PROVIDE (__preinit_array_end = .)

.init_array     0x00000000c0005000        0x0
                [!provide]                        PROVIDE (__init_array_start = .)
 *(SORT_BY_INIT_PRIORITY(.init_array.*) SORT_BY_INIT_PRIORITY(.ctors.*))
 *(.init_array EXCLUDE_FILE(*crtend?.o *crtend.o *crtbegin?.o *crtbegin.o) .ctors)
                [!provide]                        PROVIDE (__init_array_end = .)

.fini_array     0x00000000c0005000        0x0
                [!provide]                        PROVIDE (__fini_array_start = .)
 *(SORT_BY_INIT_PRIORITY(.fini_array.*) SORT_BY_INIT_PRIORITY(.dtors.*))
 *(.fini_array EXCLUDE_FILE(*crtend?.o *crtend.o *crtbegin?.o *crtbegin.o) .dtors)
                [!provide]                        PROVIDE (__fini_array_end = .)

.ctors
 *crtbegin.o(.ctors)
 *crtbegin?.o(.ctors)
 *(EXCLUDE_FILE(*crtend?.o *crtend.o) .ctors)
 *(SORT_BY_NAME(.ctors.*))
 *(.ctors)

.dtors
 *crtbegin.o(.dtors)
 *crtbegin?.o(.dtors)
 *(EXCLUDE_FILE(*crtend?.o *crtend.o) .dtors)
 *(SORT_BY_NAME(.dtors.*))
 *(.dtors)

.jcr
 *(.jcr)

.data.rel.ro
 *(.data.rel.ro.local* .gnu.linkonce.d.rel.ro.local.*)
 *(.data.rel.ro .data.rel.ro.* .gnu.linkonce.d.rel.ro.*)

.dynamic
 *(.dynamic)

.got            0x00000000c0005000        0x0
 *(.got)
 .got           0x00000000c0005000        0x0 build/main.o
 *(.igot)
                0x00000000c0005ff4                . = DATA_SEGMENT_RELRO_END (., (SIZEOF (.got.plt) >= 0xc)?0xc:0x0)

.got.plt        0x00000000c0005000        0xc
 *(.got.plt)
 .got.plt       0x00000000c0005000        0xc build/main.o
                0x00000000c0005000                _GLOBAL_OFFSET_TABLE_
 *(.igot.plt)
 .igot.plt      0x00000000c000500c        0x0 build/main.o

.data           0x00000000c000500c       0x8c
 *(.data .data.* .gnu.linkonce.d.*)
 .data          0x00000000c000500c        0x0 build/main.o
 .data          0x00000000c000500c        0x0 build/init.o
 .data          0x00000000c000500c        0x0 build/interrupt.o
 .data          0x00000000c000500c        0x0 build/timer.o
 .data          0x00000000c000500c       0x84 build/kernel.o
                0x00000000c000500c                intr_entry_table
 .data          0x00000000c0005090        0x8 build/print.o
 .data          0x00000000c0005098        0x0 build/debug.o
 .data          0x00000000c0005098        0x0 build/string.o
 .data          0x00000000c0005098        0x0 build/memory.o
 .data          0x00000000c0005098        0x0 build/bitmap.o

.data1
 *(.data1)
                0x00000000c0005098                _edata = .
                [!provide]                        PROVIDE (edata = .)
                0x00000000c0005098                . = .
                0x00000000c0005098                __bss_start = .

.bss            0x00000000c00050a0      0x270
 *(.dynbss)
 *(.bss .bss.* .gnu.linkonce.b.*)
 .bss           0x00000000c00050a0        0x0 build/main.o
 .bss           0x00000000c00050a0        0x0 build/init.o
 .bss           0x00000000c00050a0      0x108 build/interrupt.o
 .bss           0x00000000c00051a8        0x0 build/timer.o
 .bss           0x00000000c00051a8        0x0 build/debug.o
 .bss           0x00000000c00051a8        0x0 build/string.o
 .bss           0x00000000c00051a8        0x0 build/memory.o
 .bss           0x00000000c00051a8        0x0 build/bitmap.o
 *(COMMON)
 *fill*         0x00000000c00051a8       0x18 
 COMMON         0x00000000c00051c0      0x124 build/interrupt.o
                0x00000000c00051c0                intr_name
                0x00000000c0005260                idt_table
 COMMON         0x00000000c00052e4       0x2c build/memory.o
                0x00000000c00052e4                user_pool
                0x00000000c00052f4                kernel_vaddr
                0x00000000c0005300                kernel_pool
                0x00000000c0005310                . = ALIGN ((. != 0x0)?0x4:0x1)
                0x00000000c0005310                . = ALIGN (0x4)
                0x00000000c0005310                . = SEGMENT_START ("ldata-segment", .)
                0x00000000c0005310                . = ALIGN (0x4)
                0x00000000c0005310                _end = .
                [!provide]                        PROVIDE (end = .)
                0x00000000c0005310                . = DATA_SEGMENT_END (.)

.stab
 *(.stab)

.stabstr
 *(.stabstr)

.stab.excl
 *(.stab.excl)

.stab.exclstr
 *(.stab.exclstr)

.stab.index
 *(.stab.index)

.stab.indexstr
 *(.stab.indexstr)

.comment        0x0000000000000000       0x2a
 *(.comment)
 .comment       0x0000000000000000       0x2a build/main.o
                                         0x2b (size before relaxing)
 .comment       0x000000000000002a       0x2b build/init.o
 .comment       0x000000000000002a       0x2b build/interrupt.o
 .comment       0x000000000000002a       0x2b build/timer.o
 .comment       0x000000000000002a       0x2b build/debug.o
 .comment       0x000000000000002a       0x2b build/string.o
 .comment       0x000000000000002a       0x2b build/memory.o
 .comment       0x000000000000002a       0x2b build/bitmap.o

.gnu.build.attributes
 *(.gnu.build.attributes .gnu.build.attributes.*)

.debug
 *(.debug)

.line
 *(.line)

.debug_srcinfo
 *(.debug_srcinfo)

.debug_sfnames
 *(.debug_sfnames)

.debug_aranges
 *(.debug_aranges)

.debug_pubnames
 *(.debug_pubnames)

.debug_info
 *(.debug_info .gnu.linkonce.wi.*)

.debug_abbrev
 *(.debug_abbrev)

.debug_line
 *(.debug_line .debug_line.* .debug_line_end)

.debug_frame
 *(.debug_frame)

.debug_str
 *(.debug_str)

.debug_loc
 *(.debug_loc)

.debug_macinfo
 *(.debug_macinfo)

.debug_weaknames
 *(.debug_weaknames)

.debug_funcnames
 *(.debug_funcnames)

.debug_typenames
 *(.debug_typenames)

.debug_varnames
 *(.debug_varnames)

.debug_pubtypes
 *(.debug_pubtypes)

.debug_ranges
 *(.debug_ranges)

.debug_macro
 *(.debug_macro)

.debug_addr
 *(.debug_addr)

.gnu.attributes
 *(.gnu.attributes)

/DISCARD/
 *(.note.GNU-stack)
 *(.gnu_debuglink)
 *(.gnu.lto_*)
OUTPUT(build/kernel.bin elf32-i386)
